// Jest Snapshot v1, https://goo.gl/fbAQLP

exports[`Component: App renders 1`] = `
<b-container-stub tag="div">
  <headline-stub reset="function () { [native code] }"></headline-stub>
  <categories-stub setcurrentcategory="function () { [native code] }"></categories-stub>
  <!---->
  <!---->
</b-container-stub>
`;
